// Jest Snapshot v1, https://goo.gl/fbAQLP

exports[`<MeetupItem /> matches snapshot 1`] = `ReactWrapper {}`;
